{"logTime": "1023/162425", "correlationVector":"BygwdwIuMeESgSxGkFjt/0.1","action":"SyncServerConnectionManagerRequest", "result":"SYNC_SERVER_OK", "context":{"environment":"Prod_brazilsouth_prod-s01-001-sam-brazilsouth", "migrationStage":"NotStarted", "server":"akswtt219000007"}}
{"logTime": "1023/162425", "correlationVector":"BygwdwIuMeESgSxGkFjt/0.2","action":"ProcessGetUpdates", "result":"Done", "context":{"dataType":"Encryption Keys", "deleted":"0", "process_failed_to_decrypt":"0", "process_pending_decryption":"0", "process_success":"1", "total":"1"}}
{"logTime": "1023/162428", "correlationVector":"9Id9vRRqFsPaxebeb35UdS","action":"SyncServerConnectionManagerRequest", "result":"SYNC_SERVER_OK", "context":{"environment":"", "migrationStage":"", "server":""}}
{"logTime": "1023/162428", "correlationVector":"9Id9vRRqFsPaxebeb35UdS.0","action":"EncryptionKeysFetcher.DownloadKeys:", "result":"Success", "context":Key count: 4, Last key timestamp: 2025-10-23T16:24:30Z}
{"logTime": "1023/162428", "correlationVector":"9Id9vRRqFsPaxebeb35UdS.1","action":"EncryptionKeysManager::SetEncryptionKeys:", "result":"Success", "context":Key names[4]:[rg4p8yopNNcSSWTi2gPTXM4DvJvyuZX+Vbd8bDuFUc3zVSN6uDrzOhZ8R7RzKoWlbBTza3slJiqaMvZDQOqYVA==][CRAHHXn2CQo8GSy8+15y655scxdfW85Y2zedNC7saNxNJ922DRW3UlMpo/r4j0o/8sGdJ+Kmj6CwhjUfK/FgNw==][bbctkCtX+cBTE/SvhATIIzkQLefsNAr5Nhozwg14Hch5zDu7wDDFRTuOjXg1pX+T9bnr7KhTgvA9IYI0tEmRDQ==][GhPnMH9Ul0Do2E0vyNR5P1VrLDMybTNghVnTSxHmrYLcJuEcpHm9V8tHPllW4EMs+rUvJo6SYxVnpwFQ8GmCZQ==]}
{"logTime": "1023/162428", "correlationVector":"9Id9vRRqFsPaxebeb35UdS.2","action":"EncryptionKeysManager::SetEncryptionKeysWithTimestamps:", "result":"Success", "context":Key timestamps[4]:[2023-11-29T13:20:24Z][2024-09-02T12:48:54Z][2025-03-01T15:14:40Z][2025-10-23T16:24:30Z]}
{"logTime": "1023/162428", "correlationVector":"BygwdwIuMeESgSxGkFjt/0","action":"Initial GetUpdates", "result":"", "context":Reason: NEW_CLIENT. cV=BygwdwIuMeESgSxGkFjt/0}
{"logTime": "1023/162428", "correlationVector":"BygwdwIuMeESgSxGkFjt/0.3","action":"GetUpdates Response", "result":"Success", "context":Received 1 update(s). cV=BygwdwIuMeESgSxGkFjt/0.0;server=akswtt219000007;cloudType=Consumer;environment=Prod_brazilsouth_prod-s01-001-sam-brazilsouth;migrationStage=NotStarted}
{"logTime": "1023/162428", "correlationVector":"CNDAs3pfTfKD3a7whsmQg+","action":"Initial GetUpdates", "result":"", "context":Reason: NEWLY_SUPPORTED_DATATYPE. cV=CNDAs3pfTfKD3a7whsmQg+}
{"logTime": "1023/162428", "correlationVector":"CNDAs3pfTfKD3a7whsmQg+.1","action":"SyncServerConnectionManagerRequest", "result":"SYNC_SERVER_OK", "context":{"environment":"Prod_brazilsouth_prod-s01-034-sam-brazilsouth", "migrationStage":"NotStarted", "server":"akswtt01500000e"}}
{"logTime": "1023/162428", "correlationVector":"CNDAs3pfTfKD3a7whsmQg+.2","action":"ProcessGetUpdates", "result":"Done", "context":{"dataType":"Preferences", "deleted":"1", "process_failed_to_decrypt":"0", "process_pending_decryption":"0", "process_success":"59", "total":"59"}}
{"logTime": "1023/162428", "correlationVector":"CNDAs3pfTfKD3a7whsmQg+.3","action":"ProcessGetUpdates", "result":"Done", "context":{"dataType":"Passwords", "deleted":"0", "process_failed_to_decrypt":"0", "process_pending_decryption":"0", "process_success":"25", "total":"25"}}
{"logTime": "1023/162428", "correlationVector":"CNDAs3pfTfKD3a7whsmQg+.4","action":"ProcessGetUpdates", "result":"Done", "context":{"dataType":"Device Info", "deleted":"0", "process_failed_to_decrypt":"0", "process_pending_decryption":"0", "process_success":"3", "total":"3"}}
{"logTime": "1023/162428", "correlationVector":"CNDAs3pfTfKD3a7whsmQg+.5","action":"GetUpdates Response", "result":"Success", "context":Received 87 update(s). cV=CNDAs3pfTfKD3a7whsmQg+.0;server=akswtt01500000e;cloudType=Consumer;environment=Prod_brazilsouth_prod-s01-034-sam-brazilsouth;migrationStage=NotStarted}
{"logTime": "1023/162428", "correlationVector":"yiWwH5oNVywcK8xeJcxqXC","action":"Initial GetUpdates", "result":"", "context":Reason: NEWLY_SUPPORTED_DATATYPE. cV=yiWwH5oNVywcK8xeJcxqXC}
{"logTime": "1023/162428", "correlationVector":"yiWwH5oNVywcK8xeJcxqXC.1","action":"SyncServerConnectionManagerRequest", "result":"SYNC_SERVER_OK", "context":{"environment":"Prod_brazilsouth_prod-s01-034-sam-brazilsouth", "migrationStage":"NotStarted", "server":"akswtt015000017"}}
{"logTime": "1023/162428", "correlationVector":"yiWwH5oNVywcK8xeJcxqXC.2","action":"ProcessGetUpdates", "result":"Done", "context":{"dataType":"Bookmarks", "deleted":"0", "process_failed_to_decrypt":"0", "process_pending_decryption":"0", "process_success":"13", "total":"13"}}
{"logTime": "1023/162428", "correlationVector":"yiWwH5oNVywcK8xeJcxqXC.3","action":"GetUpdates Response", "result":"Success", "context":Received 13 update(s). cV=yiWwH5oNVywcK8xeJcxqXC.0;server=akswtt015000017;cloudType=Consumer;environment=Prod_brazilsouth_prod-s01-034-sam-brazilsouth;migrationStage=NotStarted}
{"logTime": "1023/162428", "correlationVector":"XvmnbY9+yrzgB/J58T023B","action":"Initial GetUpdates", "result":"", "context":Reason: NEWLY_SUPPORTED_DATATYPE. cV=XvmnbY9+yrzgB/J58T023B}
{"logTime": "1023/162429", "correlationVector":"XvmnbY9+yrzgB/J58T023B.1","action":"SyncServerConnectionManagerRequest", "result":"SYNC_SERVER_OK", "context":{"environment":"Prod_brazilsouth_prod-s01-034-sam-brazilsouth", "migrationStage":"NotStarted", "server":"akswtt01500000c"}}
{"logTime": "1023/162429", "correlationVector":"XvmnbY9+yrzgB/J58T023B.2","action":"ProcessGetUpdates", "result":"Done", "context":{"dataType":"Autofill Profiles", "deleted":"0", "process_failed_to_decrypt":"0", "process_pending_decryption":"0", "process_success":"18", "total":"18"}}
{"logTime": "1023/162429", "correlationVector":"XvmnbY9+yrzgB/J58T023B.3","action":"ProcessGetUpdates", "result":"Done", "context":{"dataType":"Autofill", "deleted":"0", "process_failed_to_decrypt":"0", "process_pending_decryption":"0", "process_success":"232", "total":"232"}}
{"logTime": "1023/162429", "correlationVector":"XvmnbY9+yrzgB/J58T023B.4","action":"GetUpdates Response", "result":"Success", "context":Received 250 update(s). cV=XvmnbY9+yrzgB/J58T023B.0;server=akswtt01500000c;cloudType=Consumer;environment=Prod_brazilsouth_prod-s01-034-sam-brazilsouth;migrationStage=NotStarted Some updates remain.}
{"logTime": "1023/162429", "correlationVector":"3rID5Iyuf9aIOBcSSxd9aQ","action":"Initial GetUpdates", "result":"", "context":Reason: NEWLY_SUPPORTED_DATATYPE. cV=3rID5Iyuf9aIOBcSSxd9aQ}
{"logTime": "1023/162429", "correlationVector":"3rID5Iyuf9aIOBcSSxd9aQ.1","action":"SyncServerConnectionManagerRequest", "result":"SYNC_SERVER_OK", "context":{"environment":"Prod_brazilsouth_prod-s01-034-sam-brazilsouth", "migrationStage":"NotStarted", "server":"akswtt01500000x"}}
{"logTime": "1023/162429", "correlationVector":"3rID5Iyuf9aIOBcSSxd9aQ.2","action":"ProcessGetUpdates", "result":"Done", "context":{"dataType":"Autofill Profiles", "deleted":"0", "process_failed_to_decrypt":"0", "process_pending_decryption":"0", "process_success":"3", "total":"3"}}
{"logTime": "1023/162429", "correlationVector":"3rID5Iyuf9aIOBcSSxd9aQ.3","action":"ProcessGetUpdates", "result":"Done", "context":{"dataType":"Autofill", "deleted":"0", "process_failed_to_decrypt":"0", "process_pending_decryption":"0", "process_success":"16", "total":"16"}}
{"logTime": "1023/162429", "correlationVector":"3rID5Iyuf9aIOBcSSxd9aQ.4","action":"GetUpdates Response", "result":"Success", "context":Received 19 update(s). cV=3rID5Iyuf9aIOBcSSxd9aQ.0;server=akswtt01500000x;cloudType=Consumer;environment=Prod_brazilsouth_prod-s01-034-sam-brazilsouth;migrationStage=NotStarted}
{"logTime": "1023/162429", "correlationVector":"iaaZFmNUhXfu3GK2Zn9CVV","action":"Initial GetUpdates", "result":"", "context":Reason: NEWLY_SUPPORTED_DATATYPE. cV=iaaZFmNUhXfu3GK2Zn9CVV}
{"logTime": "1023/162429", "correlationVector":"iaaZFmNUhXfu3GK2Zn9CVV.1","action":"SyncServerConnectionManagerRequest", "result":"SYNC_SERVER_OK", "context":{"environment":"Prod_brazilsouth_prod-s01-034-sam-brazilsouth", "migrationStage":"NotStarted", "server":"akswtt01500000a"}}
{"logTime": "1023/162429", "correlationVector":"iaaZFmNUhXfu3GK2Zn9CVV.2","action":"GetUpdates Response", "result":"Success", "context":Received 0 update(s). cV=iaaZFmNUhXfu3GK2Zn9CVV.0;server=akswtt01500000a;cloudType=Consumer;environment=Prod_brazilsouth_prod-s01-034-sam-brazilsouth;migrationStage=NotStarted}
{"logTime": "1023/162429", "correlationVector":"5P3nh5K+79vUbK1rW5wg8p","action":"Normal GetUpdate request", "result":"", "context":cV=5P3nh5K+79vUbK1rW5wg8p
Nudged types: Preferences, Sessions, Device Info, User Consents, Encryption Keys
Refresh requested types: Bookmarks, Preferences, Passwords, Autofill Profiles, Autofill, Extensions, Sessions, Extension settings, History Delete Directives, Device Info, User Consents, Send Tab To Self, Web Apps, History, Saved Tab Group, WebAuthn Credentials, Collection, Edge E Drop, Edge Hub App Usage, Edge Wallet, Encryption Keys}
{"logTime": "1023/162430", "correlationVector":"5P3nh5K+79vUbK1rW5wg8p.1","action":"SyncServerConnectionManagerRequest", "result":"SYNC_SERVER_OK", "context":{"environment":"Prod_brazilsouth_prod-s01-034-sam-brazilsouth", "migrationStage":"NotStarted", "server":"akswtt01500001a"}}
{"logTime": "1023/162430", "correlationVector":"5P3nh5K+79vUbK1rW5wg8p.2","action":"GetUpdates Response", "result":"Success", "context":Received 0 update(s). cV=5P3nh5K+79vUbK1rW5wg8p.0;server=akswtt01500001a;cloudType=Consumer;environment=Prod_brazilsouth_prod-s01-034-sam-brazilsouth;migrationStage=NotStarted}
{"logTime": "1023/162430", "correlationVector":"tQxfsljI5zANq+kqt6BjwA","action":"Commit Request", "result":"", "context":Item count: 1
Contributing types: Encryption Keys}
{"logTime": "1023/162430", "correlationVector":"tQxfsljI5zANq+kqt6BjwA.1","action":"SyncServerConnectionManagerRequest", "result":"SYNC_SERVER_OK", "context":{"environment":"Prod_brazilsouth_prod-s01-034-sam-brazilsouth", "migrationStage":"NotStarted", "server":"akswtt015000006"}}
{"logTime": "1023/162430", "correlationVector":"tQxfsljI5zANq+kqt6BjwA.2","action":"Commit Response", "result":"Success", "context":Result: Success. cV=tQxfsljI5zANq+kqt6BjwA.0;server=akswtt015000006;cloudType=Consumer;environment=Prod_brazilsouth_prod-s01-034-sam-brazilsouth;migrationStage=NotStarted}
{"logTime": "1023/162430", "correlationVector":"vyw6taPfpzjF16St9UneIG","action":"Commit Request", "result":"", "context":Item count: 40
Contributing types: Preferences, Passwords, Autofill Profiles, Device Info}
{"logTime": "1023/162433", "correlationVector":"vyw6taPfpzjF16St9UneIG.1","action":"SyncServerConnectionManagerRequest", "result":"SYNC_SERVER_OK", "context":{"environment":"Prod_brazilsouth_prod-s01-034-sam-brazilsouth", "migrationStage":"NotStarted", "server":"akswtt01500000x"}}
{"logTime": "1023/162433", "correlationVector":"vyw6taPfpzjF16St9UneIG.2","action":"Commit Response", "result":"Success", "context":Result: Success. cV=vyw6taPfpzjF16St9UneIG.0;server=akswtt01500000x;cloudType=Consumer;environment=Prod_brazilsouth_prod-s01-034-sam-brazilsouth;migrationStage=NotStarted}
{"logTime": "1023/162433", "correlationVector":"4B5N1Q1BHSYqS7fvi+1h2i","action":"Commit Request", "result":"", "context":Item count: 40
Contributing types: Autofill Profiles, Autofill}
{"logTime": "1023/162435", "correlationVector":"4B5N1Q1BHSYqS7fvi+1h2i.1","action":"SyncServerConnectionManagerRequest", "result":"SYNC_SERVER_OK", "context":{"environment":"Prod_brazilsouth_prod-s01-034-sam-brazilsouth", "migrationStage":"NotStarted", "server":"akswtt01500000e"}}
{"logTime": "1023/162435", "correlationVector":"4B5N1Q1BHSYqS7fvi+1h2i.2","action":"Commit Response", "result":"Success", "context":Result: Success. cV=4B5N1Q1BHSYqS7fvi+1h2i.0;server=akswtt01500000e;cloudType=Consumer;environment=Prod_brazilsouth_prod-s01-034-sam-brazilsouth;migrationStage=NotStarted}
{"logTime": "1023/162436", "correlationVector":"2oKpfIdwaJz5jCE91Khis3","action":"Commit Request", "result":"", "context":Item count: 40
Contributing types: Autofill}
{"logTime": "1023/162438", "correlationVector":"2oKpfIdwaJz5jCE91Khis3.1","action":"SyncServerConnectionManagerRequest", "result":"SYNC_SERVER_OK", "context":{"environment":"Prod_brazilsouth_prod-s01-034-sam-brazilsouth", "migrationStage":"NotStarted", "server":"akswtt01500000a"}}
{"logTime": "1023/162438", "correlationVector":"2oKpfIdwaJz5jCE91Khis3.2","action":"Commit Response", "result":"Success", "context":Result: Success. cV=2oKpfIdwaJz5jCE91Khis3.0;server=akswtt01500000a;cloudType=Consumer;environment=Prod_brazilsouth_prod-s01-034-sam-brazilsouth;migrationStage=NotStarted}
{"logTime": "1023/162438", "correlationVector":"kLQLe6+rPHoTzlR9x2vXTY","action":"Commit Request", "result":"", "context":Item count: 40
Contributing types: Autofill}
{"logTime": "1023/162440", "correlationVector":"kLQLe6+rPHoTzlR9x2vXTY.1","action":"SyncServerConnectionManagerRequest", "result":"SYNC_SERVER_OK", "context":{"environment":"Prod_brazilsouth_prod-s01-034-sam-brazilsouth", "migrationStage":"NotStarted", "server":"akswtt015000016"}}
{"logTime": "1023/162440", "correlationVector":"kLQLe6+rPHoTzlR9x2vXTY.2","action":"Commit Response", "result":"Success", "context":Result: Success. cV=kLQLe6+rPHoTzlR9x2vXTY.0;server=akswtt015000016;cloudType=Consumer;environment=Prod_brazilsouth_prod-s01-034-sam-brazilsouth;migrationStage=NotStarted}
{"logTime": "1023/162440", "correlationVector":"U5E+Z9qzFNyPuB1QDSQuim","action":"Commit Request", "result":"", "context":Item count: 40
Contributing types: Autofill}
{"logTime": "1023/162442", "correlationVector":"U5E+Z9qzFNyPuB1QDSQuim.1","action":"SyncServerConnectionManagerRequest", "result":"SYNC_SERVER_OK", "context":{"environment":"Prod_brazilsouth_prod-s01-034-sam-brazilsouth", "migrationStage":"NotStarted", "server":"akswtt01500000q"}}
{"logTime": "1023/162442", "correlationVector":"U5E+Z9qzFNyPuB1QDSQuim.2","action":"Commit Response", "result":"Success", "context":Result: Success. cV=U5E+Z9qzFNyPuB1QDSQuim.0;server=akswtt01500000q;cloudType=Consumer;environment=Prod_brazilsouth_prod-s01-034-sam-brazilsouth;migrationStage=NotStarted}
{"logTime": "1023/162442", "correlationVector":"aZ36dKCJCnbdNsP/6vzop7","action":"Commit Request", "result":"", "context":Item count: 40
Contributing types: Autofill}
{"logTime": "1023/162445", "correlationVector":"aZ36dKCJCnbdNsP/6vzop7.1","action":"SyncServerConnectionManagerRequest", "result":"SYNC_SERVER_OK", "context":{"environment":"Prod_brazilsouth_prod-s01-034-sam-brazilsouth", "migrationStage":"NotStarted", "server":"akswtt015000009"}}
{"logTime": "1023/162445", "correlationVector":"aZ36dKCJCnbdNsP/6vzop7.2","action":"Commit Response", "result":"Success", "context":Result: Success. cV=aZ36dKCJCnbdNsP/6vzop7.0;server=akswtt015000009;cloudType=Consumer;environment=Prod_brazilsouth_prod-s01-034-sam-brazilsouth;migrationStage=NotStarted}
{"logTime": "1023/162445", "correlationVector":"RdMOBZuDTTN0iMUvC52cc7","action":"Commit Request", "result":"", "context":Item count: 40
Contributing types: Autofill}
{"logTime": "1023/162446", "correlationVector":"RdMOBZuDTTN0iMUvC52cc7","action":"SyncServerConnectionManagerRequest", "result":"CONNECTION_UNAVAILABLE", "context":{"error_type":"net_error_code", "error_value":"-3"}}
